C51 COMPILER V9.57.0.0   LCD9648                                                           12/24/2024 20:33:29 PAGE 1   


C51 COMPILER V9.57.0.0, COMPILATION OF MODULE LCD9648
OBJECT MODULE PLACED IN .\Objects\lcd9648.obj
COMPILER INVOKED BY: D:\APP\Keil\Keil51\C51\BIN\C51.EXE lcd9648.c OPTIMIZE(8,SPEED) BROWSE DEBUG OBJECTEXTEND PRINT(.\Li
                    -stings\lcd9648.lst) TABS(2) OBJECT(.\Objects\lcd9648.obj)

line level    source

   1          #include "lcd9648.h"
   2          #include "font.h"
   3          #include "public.h" 
   4          
   5          /*******************************************************************************
   6          * 函 数 名       : lcd9648_spi_write_byte
   7          * 函数功能     : LCD9648 SPI传输数据
   8          * 输    入       : dat：数据
   9          * 输    出       : 无
  10          *******************************************************************************/
  11          void lcd9648_spi_write_byte(u8 dat)
  12          {
  13   1        u8 i=0;
  14   1      
  15   1          for(i=0;i<8;i++)//循环8次将一个字节传输     
  16   1          {  
  17   2              if((dat&0x80)!=0) 
  18   2            SDA = 1;
  19   2              else 
  20   2            SDA = 0;
  21   2              dat<<= 1;//先写高位再写低位
  22   2            SCL = 0;
  23   2              SCL = 1;//时钟上升沿写入数据      
  24   2          }
  25   1      }
  26          
  27          /*******************************************************************************
  28          * 函 数 名       : lcd9648_write_cmd
  29          * 函数功能     : LCD9648写命令
  30          * 输    入       : cmd：命令
  31          * 输    出       : 无
  32          *******************************************************************************/
  33          void lcd9648_write_cmd(u8 cmd)
  34          {
  35   1        CS0 = 0;//使能
  36   1        RS  = 0;//选择命令
  37   1        lcd9648_spi_write_byte(cmd);//发送命令
  38   1        CS0 = 1;//失能  
  39   1      }
  40          
  41          /*******************************************************************************
  42          * 函 数 名       : lcd9648_write_dat
  43          * 函数功能     : LCD9648写数据
  44          * 输    入       : dat：数据
  45          * 输    出       : 无
  46          *******************************************************************************/
  47          void lcd9648_write_dat(u8 dat)
  48          {
  49   1        CS0 = 0;//使能
  50   1        RS  = 1;//选择数据
  51   1        lcd9648_spi_write_byte(dat);//发送数据
  52   1        CS0 = 1;//失能  
  53   1      }
  54          
C51 COMPILER V9.57.0.0   LCD9648                                                           12/24/2024 20:33:29 PAGE 2   

  55          /*******************************************************************************
  56          * 函 数 名       : lcd9648_init
  57          * 函数功能     : LCD9648初始化
  58          * 输    入       : 无
  59          * 输    出       : 无
  60          *******************************************************************************/
  61          void lcd9648_init(void)
  62          {
  63   1        RST=1;  
  64   1        delay_ms(10);
  65   1        RST=0;
  66   1        delay_ms(10);
  67   1        RST=1;
  68   1        delay_ms(10);//复位
  69   1      
  70   1        lcd9648_write_cmd(0xe2);      //软件复位
  71   1        lcd9648_write_cmd(0xc8);      //0xC8普通方向选择选择反向，0xC0为正常方向
  72   1        lcd9648_write_cmd(0xa0);      //0xA0段方向选择正常方向（0xA1为反方向
  73   1        lcd9648_write_cmd(0x2f);
  74   1        lcd9648_write_cmd(0x26);
  75   1        lcd9648_write_cmd(0x81);      //背景光对比度
  76   1        lcd9648_write_cmd(0x10);
  77   1        lcd9648_write_cmd(0xaf);      //开启显示
  78   1        lcd9648_write_cmd(0x40);      //设置滚动一行命令
  79   1      }
  80          
  81          /*******************************************************************************
  82          * 函 数 名       : lcd9648_clear
  83          * 函数功能     : LCD9648清屏
  84          * 输    入       : 无
  85          * 输    出       : 无
  86          *******************************************************************************/
  87          void lcd9648_clear(void)
  88          {
  89   1        u8 i,j;
  90   1      
  91   1        for(i=0;i<9;i++)//一共9页
  92   1        {
  93   2          lcd9648_write_cmd(0x40);//设置滚动一行命令
  94   2          lcd9648_write_cmd(0xb0+i);//页地址
  95   2          lcd9648_write_cmd(0x10);//列高字节地址
  96   2          lcd9648_write_cmd(0x00);//列低字节地址
  97   2          
  98   2          for(j = 0; j < LCD_WIDTH; j++)//每一行的像素点
  99   2          {
 100   3            lcd9648_write_dat(0x00);//不显示  
 101   3          } 
 102   2        }
 103   1      }
 104          
 105          //在指定位置显示一个16*8字符
 106          //x,y:起始坐标 x:0-96 y:0-2 
 107          //num:要显示的字符:" "--->"~"
 108          void lcd_show_char(u8 x,u8 y,u8 num)
 109          {
 110   1        unsigned char i, x1, x2;
 111   1      
 112   1        if(x>96||y>2)return;//超出范围了
 113   1      
 114   1        y *= 2;
 115   1        y += 0xB0;          //求取Y坐标的值
 116   1        x1 = (x >> 4) & 0x0F;   //由于X坐标要两句命令，分高低4位，所以这里先取出高4位
C51 COMPILER V9.57.0.0   LCD9648                                                           12/24/2024 20:33:29 PAGE 3   

 117   1        x2 = x & 0x0F;          //去低四位
 118   1      
 119   1        lcd9648_write_cmd(y); //页地址 y坐标
 120   1        lcd9648_write_cmd(0x10+x1); //列高字节地址 x坐标
 121   1        lcd9648_write_cmd(0x00+x2); //列低字节地址
 122   1      
 123   1        num=num-' ';//得到偏移后的值（ASCII字库是从空格开始取模，所以-' '就是对应字符的字库）
 124   1      
 125   1        for(i = 0;i < 8;i++) 
 126   1        {
 127   2          lcd9648_write_dat(ascii_1608[num][i*2]);
 128   2        }
 129   1        
 130   1        lcd9648_write_cmd(y+1); //页地址 y坐标
 131   1        lcd9648_write_cmd(0x10+x1); //列高字节地址 x坐标
 132   1        lcd9648_write_cmd(0x00+x2); //列低字节地址
 133   1        
 134   1        for(i = 0;i < 8;i++) 
 135   1        {
 136   2          lcd9648_write_dat(ascii_1608[num][i*2+1]);
 137   2        }
 138   1      
 139   1      }
 140          
 141          //显示字符串
 142          //x,y:起点坐标 x:0-96 y:0-2 
 143          //*p:字符串起始地址     
 144          void lcd_show_string(u8 x,u8 y,u8 Num,u8 *p)
 145          {
 146   1        u8 i = 0;
 147   1        while(i < Num)
 148   1        {
 149   2          lcd_show_char(x,y,*p);
 150   2          x+=8;
 151   2          p++;
 152   2          i++;
 153   2          if(*p == '\0' || i >= 12)
 154   2            return;
 155   2        }
 156   1      }
 157          
 158          //m^n函数
 159          //返回值:m^n次方.
 160          u32 lcd_pow(u8 m,u8 n)
 161          {
 162   1        u32 result=1;  
 163   1        while(n--)result*=m;    
 164   1        return result;
 165   1      } 
 166          
 167          //显示数字,
 168          //x,y:起点坐标
 169          //num:数值(0~999999999);   
 170          //len:长度(即要显示的位数)
 171          //mode:0-高位空字符填充  1-高位补0 
 172          void lcd_show_num(u8 x,u8 y,u32 num,u8 len,u8 mode)
 173          {
 174   1        u8 t,temp;
 175   1        u8 enshow=0;               
 176   1        for(t=0;t<len;t++)
 177   1        {
 178   2          temp=(num/lcd_pow(10,len-t-1))%10;
C51 COMPILER V9.57.0.0   LCD9648                                                           12/24/2024 20:33:29 PAGE 4   

 179   2          if(enshow==0&&t<(len-1))
 180   2          {
 181   3            if(temp==0)
 182   3            {
 183   4              if(mode == 1)
 184   4                lcd_show_char(x+(16/2)*t,y,'0');
 185   4              else
 186   4                lcd_show_char(x+(16/2)*t,y,' ');
 187   4              continue;
 188   4            }else enshow=1; 
 189   3             
 190   3          }
 191   2          lcd_show_char(x+(16/2)*t,y,temp+'0'); 
 192   2        }
 193   1      }
 194          
 195          //显示16*16汉字
 196          //x,y:起点坐标 x:0-96 y:0-2
 197          //*cn:字符串起始地址      
 198          void lcd_show_16HZ(u8 x, u8 y, u8 *cn)
 199          {
 200   1        u8 j, x1, x2, wordNum;
 201   1        
 202   1        if(x>96||y>5)return;//超出范围了
 203   1      
 204   1        y *= 2;
 205   1        y += 0xB0;          //求取Y坐标的值
 206   1      
 207   1        while ( *cn != '\0')   //在C语言中字符串结束以‘\0’结尾
 208   1        {
 209   2          x1 = (x >> 4) & 0x0F;   //由于X坐标要两句命令，分高低4位，所以这里先取出高4位
 210   2          x2 = x & 0x0F;          //去低四位
 211   2      
 212   2          lcd9648_write_cmd(y); //页地址 y坐标
 213   2          lcd9648_write_cmd(0x10+x1); //列高字节地址 x坐标
 214   2          lcd9648_write_cmd(0x00+x2); //列低字节地址
 215   2      
 216   2          for (wordNum=0; wordNum<30; wordNum++)
 217   2          {
 218   3            //--查询要写的字在字库中的位置--//
 219   3            if ((CnChar16x16[wordNum].Index[0] == *cn)&&(CnChar16x16[wordNum].Index[1] == *(cn+1)))
 220   3            {
 221   4              for (j=0; j<32; j++) //写一个字
 222   4              {
 223   5                if (j == 16)   //由于16X16用到两个Y坐标，当大于等于16时，切换坐标
 224   5                {
 225   6                  lcd9648_write_cmd(y+1); //页地址 y坐标
 226   6                  lcd9648_write_cmd(0x10+x1); //列高字节地址 x坐标
 227   6                  lcd9648_write_cmd(0x00+x2); //列低字节地址
 228   6                }
 229   5                lcd9648_write_dat(CnChar16x16[wordNum].Msk[j]);
 230   5              }
 231   4              x += 16;
 232   4            }
 233   3          }
 234   2          cn += 2;  //下一个字
 235   2        }
 236   1      }
 237          


MODULE INFORMATION:   STATIC OVERLAYABLE
C51 COMPILER V9.57.0.0   LCD9648                                                           12/24/2024 20:33:29 PAGE 5   

   CODE SIZE        =    749    ----
   CONSTANT SIZE    =   1792    ----
   XDATA SIZE       =   ----    ----
   PDATA SIZE       =   ----    ----
   DATA SIZE        =   ----      30
   IDATA SIZE       =   ----    ----
   BIT SIZE         =   ----    ----
END OF MODULE INFORMATION.


C51 COMPILATION COMPLETE.  0 WARNING(S),  0 ERROR(S)
