C51 COMPILER V9.57.0.0   MATRIXKEY                                                         12/24/2024 20:33:29 PAGE 1   


C51 COMPILER V9.57.0.0, COMPILATION OF MODULE MATRIXKEY
OBJECT MODULE PLACED IN .\Objects\MatrixKey.obj
COMPILER INVOKED BY: D:\APP\Keil\Keil51\C51\BIN\C51.EXE MatrixKey.c OPTIMIZE(8,SPEED) BROWSE DEBUG OBJECTEXTEND PRINT(.\
                    -Listings\MatrixKey.lst) TABS(2) OBJECT(.\Objects\MatrixKey.obj)

line level    source

   1          #include "reg52.h"
   2          #include "public.h"
   3          #include "MatrixKey.h"
   4          
   5          /*******************************************************************************
   6          * 函 数 名      : MatrixKey
   7          * 函数功能       : 矩阵键盘读取按键键码
   8          * 输    入       : 无
   9          * 输    出       : KeyNumber：按键对应的值
  10          *******************************************************************************/
  11          
  12          u8 MatrixKey()
  13          {  
  14   1          unsigned char KeyNumber=0;
  15   1          u8 i=0;
  16   1          u8 j=0;
  17   1          
  18   1          k1=k2=k3=k4=1; o1=o2=o3=o4=1;
  19   1          k1=0;
  20   1          if(o4==0){delay_ms(20);while(o4==0);delay_ms(20);KeyNumber=4;}
  21   1          if(o3==0){delay_ms(20);while(o3==0);delay_ms(20);KeyNumber=3;}
  22   1          if(o2==0){delay_ms(20);while(o2==0);delay_ms(20);KeyNumber=2;}
  23   1          if(o1==0){delay_ms(20);while(o1==0);delay_ms(20);KeyNumber=1;}
  24   1          
  25   1          k1=k2=k3=k4=1;o1=o2=o3=o4=1;
  26   1          k2=0;
  27   1          if(o4==0){delay_ms(20);while(o4==0);delay_ms(20);KeyNumber=8;}
  28   1          if(o3==0){delay_ms(20);while(o3==0);delay_ms(20);KeyNumber=7;}
  29   1          if(o2==0){delay_ms(20);while(o2==0);delay_ms(20);KeyNumber=6;}
  30   1          if(o1==0){delay_ms(20);while(o1==0);delay_ms(20);KeyNumber=5;}
  31   1          
  32   1          k1=k2=k3=k4=1;o1=o2=o3=o4=1;
  33   1          k3=0;
  34   1          if(o4==0){delay_ms(20);while(o4==0);delay_ms(20);KeyNumber=12;}
  35   1          if(o3==0){delay_ms(20);while(o3==0);delay_ms(20);KeyNumber=11;}
  36   1          if(o2==0){delay_ms(20);while(o2==0);delay_ms(20);KeyNumber=10;}
  37   1          if(o1==0){delay_ms(20);while(o1==0);delay_ms(20);KeyNumber=9;}
  38   1          
  39   1          k1=k2=k3=k4=1;o1=o2=o3=o4=1;
  40   1          k4=0;
  41   1          if(o4==0){delay_ms(20);while(o4==0);delay_ms(20);KeyNumber=16;}
  42   1          if(o3==0){delay_ms(20);while(o3==0);delay_ms(20);KeyNumber=15;}
  43   1          if(o2==0){delay_ms(20);while(o2==0);delay_ms(20);KeyNumber=14;}
  44   1          if(o1==0){delay_ms(20);while(o1==0);delay_ms(20);KeyNumber=13;}
  45   1          
  46   1          return KeyNumber;
  47   1      }
  48          


MODULE INFORMATION:   STATIC OVERLAYABLE
   CODE SIZE        =    449    ----
   CONSTANT SIZE    =   ----    ----
   XDATA SIZE       =   ----    ----
C51 COMPILER V9.57.0.0   MATRIXKEY                                                         12/24/2024 20:33:29 PAGE 2   

   PDATA SIZE       =   ----    ----
   DATA SIZE        =   ----       3
   IDATA SIZE       =   ----    ----
   BIT SIZE         =   ----    ----
END OF MODULE INFORMATION.


C51 COMPILATION COMPLETE.  0 WARNING(S),  0 ERROR(S)
