C51 COMPILER V9.57.0.0   MODE                                                              12/24/2024 20:33:29 PAGE 1   


C51 COMPILER V9.57.0.0, COMPILATION OF MODULE MODE
OBJECT MODULE PLACED IN .\Objects\mode.obj
COMPILER INVOKED BY: D:\APP\Keil\Keil51\C51\BIN\C51.EXE mode.c OPTIMIZE(8,SPEED) BROWSE DEBUG OBJECTEXTEND PRINT(.\Listi
                    -ngs\mode.lst) TABS(2) OBJECT(.\Objects\mode.obj)

line level    source

   1          #include "reg52.h"
   2          #include "public.h"
   3          #include "mode.h"
   4          
   5          /*******************************************************************************
   6          * 函 数 名      : mode
   7          * 函数功能       : 选择模式，手动弹奏还是自动播放
   8          * 输    入       : 无
   9          * 输    出       : FY，选择的模式，为0时弹奏模式，为1时播放模式
  10          *******************************************************************************/
  11          
  12          u16 mode()
  13          {
  14   1          u16 FY=2;
  15   1          if(key1==0){
  16   2              delay_ms(20);while(key1==0);delay_ms(20);//消抖
  17   2              FY = 0;
  18   2          } 
  19   1          else if(key2==0){
  20   2              delay_ms(20);while(key2==0);delay_ms(20);//消抖 
  21   2              FY = 1; 
  22   2          }     
  23   1          return FY;
  24   1      }


MODULE INFORMATION:   STATIC OVERLAYABLE
   CODE SIZE        =     64    ----
   CONSTANT SIZE    =   ----    ----
   XDATA SIZE       =   ----    ----
   PDATA SIZE       =   ----    ----
   DATA SIZE        =   ----       2
   IDATA SIZE       =   ----    ----
   BIT SIZE         =   ----    ----
END OF MODULE INFORMATION.


C51 COMPILATION COMPLETE.  0 WARNING(S),  0 ERROR(S)
