BL51 BANKED LINKER/LOCATER V6.22.2.0                                                    12/26/2024  14:41:28  PAGE 1


BL51 BANKED LINKER/LOCATER V6.22.2.0, INVOKED BY:
D:\APP\KEIL\KEIL51\C51\BIN\BL51.EXE .\Objects\lcd9648.obj, .\Objects\MatrixKey.obj, .\Objects\Buzzer.obj, .\Objects\mode
>> .obj, .\Objects\Timer0.obj, .\Objects\ired.obj, .\Objects\wifi_control.obj, .\Objects\uart.obj, .\Objects\public.obj,
>>  .\Objects\main.obj TO .\Objects\music_box PRINT (.\Listings\music_box.m51)


MEMORY MODEL: SMALL


INPUT MODULES INCLUDED:
  .\Objects\lcd9648.obj (LCD9648)
  .\Objects\MatrixKey.obj (MATRIXKEY)
  .\Objects\Buzzer.obj (BUZZER)
  .\Objects\mode.obj (MODE)
  .\Objects\Timer0.obj (TIMER0)
  .\Objects\ired.obj (IRED)
  .\Objects\wifi_control.obj (WIFI_CONTROL)
  .\Objects\uart.obj (UART)
  .\Objects\public.obj (PUBLIC)
  .\Objects\main.obj (MAIN)
  D:\APP\KEIL\KEIL51\C51\LIB\C51S.LIB (?C_STARTUP)
  D:\APP\KEIL\KEIL51\C51\LIB\C51S.LIB (?C?CLDPTR)
  D:\APP\KEIL\KEIL51\C51\LIB\C51S.LIB (?C?CLDOPTR)
  D:\APP\KEIL\KEIL51\C51\LIB\C51S.LIB (?C?IMUL)
  D:\APP\KEIL\KEIL51\C51\LIB\C51S.LIB (?C?UIDIV)
  D:\APP\KEIL\KEIL51\C51\LIB\C51S.LIB (?C?LMUL)
  D:\APP\KEIL\KEIL51\C51\LIB\C51S.LIB (?C?ULDIV)
  D:\APP\KEIL\KEIL51\C51\LIB\C51S.LIB (?C?OFFXADD)
  D:\APP\KEIL\KEIL51\C51\LIB\C51S.LIB (?C_INIT)


LINK MAP OF MODULE:  .\Objects\music_box (LCD9648)


            TYPE    BASE      LENGTH    RELOCATION   SEGMENT NAME
            -----------------------------------------------------

            * * * * * * *   D A T A   M E M O R Y   * * * * * * *
            REG     0000H     0008H     ABSOLUTE     "REG BANK 0"
            DATA    0008H     0014H     UNIT         _DATA_GROUP_
            DATA    001CH     0004H     UNIT         ?DT?_LCD_SHOW_16HZ?LCD9648
            BIT     0020H.0   0000H.1   UNIT         _BIT_GROUP_
                    0020H.1   0000H.7                *** GAP ***
            DATA    0021H     0029H     UNIT         ?DT?MAIN
            DATA    004AH     000DH     UNIT         ?DT?IRED
            DATA    0057H     000AH     UNIT         ?DT?_LCD_SHOW_NUM?LCD9648
            DATA    0061H     0006H     UNIT         ?DT?_LCD_POW?LCD9648
            IDATA   0067H     0001H     UNIT         ?STACK

            * * * * * * *   C O D E   M E M O R Y   * * * * * * *
            CODE    0000H     0003H     ABSOLUTE     
            CODE    0003H     0003H     ABSOLUTE     
                    0006H     0005H                  *** GAP ***
            CODE    000BH     0003H     ABSOLUTE     
            CODE    000EH     0700H     UNIT         ?CO?LCD9648
            CODE    070EH     03B1H     UNIT         ?CO?MAIN
            CODE    0ABFH     02BEH     UNIT         ?PR?_AUTOPLAY?MAIN
            CODE    0D7DH     01D6H     UNIT         ?C?LIB_CODE
BL51 BANKED LINKER/LOCATER V6.22.2.0                                                  12/26/2024  14:41:28  PAGE 2


            CODE    0F53H     01C1H     UNIT         ?PR?MATRIXKEY?MATRIXKEY
            CODE    1114H     0132H     UNIT         ?PR?IRED?IRED
            CODE    1246H     00D5H     UNIT         ?PR?MAIN?MAIN
            CODE    131BH     00CFH     UNIT         ?PR?_LCD_SHOW_16HZ?LCD9648
            CODE    13EAH     008CH     UNIT         ?C_C51STARTUP
            CODE    1476H     0086H     UNIT         ?PR?_LCD_SHOW_NUM?LCD9648
            CODE    14FCH     0068H     UNIT         ?PR?_LCD_SHOW_CHAR?LCD9648
            CODE    1564H     004DH     UNIT         ?PR?_MANUALPLAY?MAIN
            CODE    15B1H     0048H     UNIT         ?PR?LCD9648_INIT?LCD9648
            CODE    15F9H     0048H     UNIT         ?PR?TIMER0_ROUTINE?MAIN
            CODE    1641H     0046H     UNIT         ?PR?_LCD_SHOW_STRING?LCD9648
            CODE    1687H     0040H     UNIT         ?PR?MODE?MODE
            CODE    16C7H     0039H     UNIT         ?PR?_LCD_POW?LCD9648
            CODE    1700H     0035H     UNIT         ?PR?_BUZZER_FREQ?BUZZER
            CODE    1735H     0035H     UNIT         ?C_INITSEG
            CODE    176AH     0029H     UNIT         ?PR?IREDKEY?IRED
            CODE    1793H     0028H     UNIT         ?PR?LCD9648_CLEAR?LCD9648
            CODE    17BBH     001EH     UNIT         ?PR?_DELAY_MS?PUBLIC
            CODE    17D9H     0019H     UNIT         ?PR?_LCD9648_SPI_WRITE_BYTE?LCD9648
            CODE    17F2H     0017H     UNIT         ?PR?_DELAY_MSUS?BUZZER
            CODE    1809H     0017H     UNIT         ?PR?TIMER0INIT?TIMER0
            CODE    1820H     0016H     UNIT         ?PR?_LCD9648_WRITE_DAT?LCD9648
            CODE    1836H     0012H     UNIT         ?PR?_LCD9648_WRITE_CMD?LCD9648
            CODE    1848H     000BH     UNIT         ?PR?_DELAY_10US?PUBLIC
            CODE    1853H     0009H     UNIT         ?PR?IRED_INIT?IRED



OVERLAY MAP OF MODULE:   .\Objects\music_box (LCD9648)


SEGMENT                                        BIT_GROUP          DATA_GROUP 
  +--> CALLED SEGMENT                       START    LENGTH     START    LENGTH
-------------------------------------------------------------------------------
?PR?IRED?IRED                               -----    -----      0008H    0005H
  +--> ?PR?_DELAY_10US?PUBLIC

*** NEW ROOT ***************************************************

?PR?TIMER0_ROUTINE?MAIN                     -----    -----      -----    -----
  +--> ?CO?MAIN

*** NEW ROOT ***************************************************

?C_C51STARTUP                               -----    -----      -----    -----
  +--> ?PR?MAIN?MAIN
  +--> ?C_INITSEG

?PR?MAIN?MAIN                               -----    -----      000DH    0001H
  +--> ?PR?LCD9648_INIT?LCD9648
  +--> ?PR?_DELAY_MS?PUBLIC
  +--> ?PR?LCD9648_CLEAR?LCD9648
  +--> ?CO?MAIN
  +--> ?PR?_LCD_SHOW_STRING?LCD9648
  +--> ?PR?IRED_INIT?IRED
  +--> ?PR?MODE?MODE
  +--> ?PR?IREDKEY?IRED
BL51 BANKED LINKER/LOCATER V6.22.2.0                                                  12/26/2024  14:41:28  PAGE 3


  +--> ?PR?_MANUALPLAY?MAIN
  +--> ?PR?MATRIXKEY?MATRIXKEY
  +--> ?PR?TIMER0INIT?TIMER0
  +--> ?PR?_AUTOPLAY?MAIN

?PR?LCD9648_INIT?LCD9648                    -----    -----      -----    -----
  +--> ?PR?_DELAY_MS?PUBLIC
  +--> ?PR?_LCD9648_WRITE_CMD?LCD9648

?PR?_LCD9648_WRITE_CMD?LCD9648              -----    -----      -----    -----
  +--> ?PR?_LCD9648_SPI_WRITE_BYTE?LCD9648

?PR?LCD9648_CLEAR?LCD9648                   -----    -----      -----    -----
  +--> ?PR?_LCD9648_WRITE_CMD?LCD9648
  +--> ?PR?_LCD9648_WRITE_DAT?LCD9648

?PR?_LCD9648_WRITE_DAT?LCD9648              -----    -----      -----    -----
  +--> ?PR?_LCD9648_SPI_WRITE_BYTE?LCD9648

?PR?_LCD_SHOW_STRING?LCD9648                -----    -----      0012H    0007H
  +--> ?PR?_LCD_SHOW_CHAR?LCD9648

?PR?_LCD_SHOW_CHAR?LCD9648                  -----    -----      0019H    0003H
  +--> ?PR?_LCD9648_WRITE_CMD?LCD9648
  +--> ?CO?LCD9648
  +--> ?PR?_LCD9648_WRITE_DAT?LCD9648

?PR?MODE?MODE                               -----    -----      000EH    0002H
  +--> ?PR?_DELAY_MS?PUBLIC

?PR?_MANUALPLAY?MAIN                        -----    -----      000EH    0002H
  +--> ?CO?MAIN
  +--> ?PR?_LCD_SHOW_STRING?LCD9648
  +--> ?PR?_BUZZER_FREQ?BUZZER

?PR?_BUZZER_FREQ?BUZZER                     -----    -----      0010H    0002H
  +--> ?PR?_DELAY_MSUS?BUZZER

?PR?_DELAY_MSUS?BUZZER                      -----    -----      0012H    0001H

?PR?MATRIXKEY?MATRIXKEY                     -----    -----      0012H    0003H
  +--> ?PR?_DELAY_MS?PUBLIC

?PR?_AUTOPLAY?MAIN                          0020H.0  0000H.1    000EH    0004H
  +--> ?CO?MAIN
  +--> ?PR?_LCD_SHOW_STRING?LCD9648
  +--> ?PR?_DELAY_MS?PUBLIC
  +--> ?PR?MATRIXKEY?MATRIXKEY
  +--> ?PR?LCD9648_CLEAR?LCD9648



SYMBOL TABLE OF MODULE:  .\Objects\music_box (LCD9648)

  VALUE           TYPE          NAME
  ----------------------------------

BL51 BANKED LINKER/LOCATER V6.22.2.0                                                  12/26/2024  14:41:28  PAGE 4


  -------         MODULE        LCD9648
  C:0000H         SYMBOL        _ICE_DUMMY_
  D:0080H         PUBLIC        P0
  D:0090H         PUBLIC        P1
  D:00B0H         PUBLIC        P3
  C:1476H         PUBLIC        _lcd_show_num
  D:00A8H         PUBLIC        IE
  D:00B8H         PUBLIC        IP
  B:0080H.4       PUBLIC        RS
  C:15B1H         PUBLIC        lcd9648_init
  D:0098H         PUBLIC        SCON
  D:0088H         PUBLIC        TCON
  C:183EH         PUBLIC        _lcd9648_write_cmd
  C:182CH         PUBLIC        _lcd9648_write_dat
  C:000EH         PUBLIC        ascii_1608
  C:131BH         PUBLIC        _lcd_show_16HZ
  B:0080H.3       PUBLIC        CS0
  C:1641H         PUBLIC        _lcd_show_string
  B:0080H.5       PUBLIC        SDA
  C:14FCH         PUBLIC        _lcd_show_char
  B:0080H.6       PUBLIC        SCL
  C:17D9H         PUBLIC        _lcd9648_spi_write_byte
  D:00C8H         PUBLIC        T2CON
  C:16C7H         PUBLIC        _lcd_pow
  B:0080H.2       PUBLIC        RST
  C:05FEH         PUBLIC        CnChar16x16
  D:00D0H         PUBLIC        PSW
  C:1793H         PUBLIC        lcd9648_clear
  -------         PROC          _LCD9648_SPI_WRITE_BYTE
  D:0007H         SYMBOL        dat
  -------         DO            
  D:0006H         SYMBOL        i
  -------         ENDDO         
  C:17D9H         LINE#         11
  C:17D9H         LINE#         12
  C:17D9H         LINE#         13
  C:17DBH         LINE#         15
  C:17DBH         LINE#         16
  C:17DBH         LINE#         17
  C:17DFH         LINE#         18
  C:17E3H         LINE#         20
  C:17E5H         LINE#         21
  C:17E9H         LINE#         22
  C:17EBH         LINE#         23
  C:17EDH         LINE#         24
  C:17F1H         LINE#         25
  -------         ENDPROC       _LCD9648_SPI_WRITE_BYTE
  -------         PROC          L?0059
  -------         ENDPROC       L?0059
  -------         PROC          _LCD9648_WRITE_CMD
  D:0007H         SYMBOL        cmd
  C:183EH         LINE#         33
  C:183EH         LINE#         34
  C:183EH         LINE#         35
  C:1840H         LINE#         36
  C:1842H         LINE#         37
  C:1845H         LINE#         38
BL51 BANKED LINKER/LOCATER V6.22.2.0                                                  12/26/2024  14:41:28  PAGE 5


  C:1847H         LINE#         39
  -------         ENDPROC       _LCD9648_WRITE_CMD
  -------         PROC          L?0058
  -------         ENDPROC       L?0058
  -------         PROC          _LCD9648_WRITE_DAT
  D:0007H         SYMBOL        dat
  C:182CH         LINE#         47
  C:182CH         LINE#         48
  C:182CH         LINE#         49
  C:182EH         LINE#         50
  C:1830H         LINE#         51
  C:1833H         LINE#         52
  C:1835H         LINE#         53
  -------         ENDPROC       _LCD9648_WRITE_DAT
  -------         PROC          LCD9648_INIT
  C:15B1H         LINE#         61
  C:15B1H         LINE#         62
  C:15B1H         LINE#         63
  C:15B3H         LINE#         64
  C:15BAH         LINE#         65
  C:15BCH         LINE#         66
  C:15C3H         LINE#         67
  C:15C5H         LINE#         68
  C:15CCH         LINE#         70
  C:15D1H         LINE#         71
  C:15D6H         LINE#         72
  C:15DBH         LINE#         73
  C:15E0H         LINE#         74
  C:15E5H         LINE#         75
  C:15EAH         LINE#         76
  C:15EFH         LINE#         77
  C:15F4H         LINE#         78
  -------         ENDPROC       LCD9648_INIT
  -------         PROC          LCD9648_CLEAR
  -------         DO            
  D:0005H         SYMBOL        i
  D:0004H         SYMBOL        j
  -------         ENDDO         
  C:1793H         LINE#         87
  C:1793H         LINE#         88
  C:1793H         LINE#         91
  C:1795H         LINE#         92
  C:1795H         LINE#         93
  C:179AH         LINE#         94
  C:17A1H         LINE#         95
  C:17A6H         LINE#         96
  C:17ABH         LINE#         98
  C:17ADH         LINE#         99
  C:17ADH         LINE#         100
  C:17B2H         LINE#         101
  C:17B6H         LINE#         102
  C:17BAH         LINE#         103
  -------         ENDPROC       LCD9648_CLEAR
  -------         PROC          _LCD_SHOW_CHAR
  D:0007H         SYMBOL        x
  D:0005H         SYMBOL        y
  D:0019H         SYMBOL        num
BL51 BANKED LINKER/LOCATER V6.22.2.0                                                  12/26/2024  14:41:28  PAGE 6


  -------         DO            
  D:0004H         SYMBOL        i
  D:001AH         SYMBOL        x1
  D:001BH         SYMBOL        x2
  -------         ENDDO         
  C:14FCH         LINE#         108
  C:14FEH         LINE#         109
  C:14FEH         LINE#         112
  C:1509H         LINE#         114
  C:150CH         LINE#         115
  C:150FH         LINE#         116
  C:1515H         LINE#         117
  C:151AH         LINE#         119
  C:151CH         LINE#         120
  C:151FH         LINE#         121
  C:1524H         LINE#         123
  C:152AH         LINE#         125
  C:152CH         LINE#         126
  C:152CH         LINE#         127
  C:153DH         LINE#         128
  C:1541H         LINE#         130
  C:1544H         LINE#         131
  C:1547H         LINE#         132
  C:154CH         LINE#         134
  C:154EH         LINE#         135
  C:154EH         LINE#         136
  C:155FH         LINE#         137
  C:1563H         LINE#         139
  -------         ENDPROC       _LCD_SHOW_CHAR
  -------         PROC          _LCD_SHOW_STRING
  D:0012H         SYMBOL        x
  D:0013H         SYMBOL        y
  D:0014H         SYMBOL        Num
  D:0015H         SYMBOL        p
  -------         DO            
  D:0018H         SYMBOL        i
  -------         ENDDO         
  C:1641H         LINE#         144
  C:1647H         LINE#         145
  C:1647H         LINE#         146
  C:164AH         LINE#         147
  C:1651H         LINE#         148
  C:1651H         LINE#         149
  C:1662H         LINE#         150
  C:1668H         LINE#         151
  C:1673H         LINE#         152
  C:1675H         LINE#         153
  C:1686H         LINE#         155
  C:1686H         LINE#         156
  -------         ENDPROC       _LCD_SHOW_STRING
  -------         PROC          _LCD_POW
  D:0061H         SYMBOL        m
  D:0062H         SYMBOL        n
  -------         DO            
  D:0063H         SYMBOL        result
  -------         ENDDO         
  C:16C7H         LINE#         160
BL51 BANKED LINKER/LOCATER V6.22.2.0                                                  12/26/2024  14:41:28  PAGE 7


  C:16CBH         LINE#         161
  C:16CBH         LINE#         162
  C:16D5H         LINE#         163
  C:16F7H         LINE#         164
  C:16FFH         LINE#         165
  -------         ENDPROC       _LCD_POW
  -------         PROC          _LCD_SHOW_NUM
  D:0057H         SYMBOL        x
  D:0058H         SYMBOL        y
  D:0059H         SYMBOL        num
  D:005DH         SYMBOL        len
  D:005EH         SYMBOL        mode
  -------         DO            
  D:005FH         SYMBOL        t
  D:0006H         SYMBOL        temp
  D:0060H         SYMBOL        enshow
  -------         ENDDO         
  C:1476H         LINE#         172
  C:147AH         LINE#         173
  C:147AH         LINE#         175
  C:147DH         LINE#         176
  C:1486H         LINE#         177
  C:1486H         LINE#         178
  C:14B2H         LINE#         179
  C:14C0H         LINE#         180
  C:14C0H         LINE#         181
  C:14C3H         LINE#         182
  C:14C3H         LINE#         183
  C:14C8H         LINE#         184
  C:14D5H         LINE#         186
  C:14E0H         LINE#         187
  C:14E2H         LINE#         188
  C:14E5H         LINE#         190
  C:14E5H         LINE#         191
  C:14F7H         LINE#         192
  C:14FBH         LINE#         193
  -------         ENDPROC       _LCD_SHOW_NUM
  -------         PROC          _LCD_SHOW_16HZ
  D:001CH         SYMBOL        x
  D:001DH         SYMBOL        y
  D:0001H         SYMBOL        cn
  -------         DO            
  D:0004H         SYMBOL        j
  D:001EH         SYMBOL        x1
  D:001FH         SYMBOL        x2
  D:0005H         SYMBOL        wordNum
  -------         ENDDO         
  C:131BH         LINE#         198
  C:131FH         LINE#         199
  C:131FH         LINE#         202
  C:1332H         LINE#         204
  C:1338H         LINE#         205
  C:133CH         LINE#         207
  C:1344H         LINE#         208
  C:1344H         LINE#         209
  C:134BH         LINE#         210
  C:1351H         LINE#         212
BL51 BANKED LINKER/LOCATER V6.22.2.0                                                  12/26/2024  14:41:28  PAGE 8


  C:1356H         LINE#         213
  C:135EH         LINE#         214
  C:1363H         LINE#         216
  C:1365H         LINE#         217
  C:1365H         LINE#         219
  C:1398H         LINE#         220
  C:1398H         LINE#         221
  C:1399H         LINE#         222
  C:1399H         LINE#         223
  C:139CH         LINE#         224
  C:139CH         LINE#         225
  C:13A3H         LINE#         226
  C:13ABH         LINE#         227
  C:13B0H         LINE#         228
  C:13B0H         LINE#         229
  C:13CFH         LINE#         230
  C:13D3H         LINE#         231
  C:13D9H         LINE#         232
  C:13D9H         LINE#         233
  C:13DFH         LINE#         234
  C:13E6H         LINE#         235
  C:13E9H         LINE#         236
  -------         ENDPROC       _LCD_SHOW_16HZ
  -------         ENDMOD        LCD9648

  -------         MODULE        MATRIXKEY
  C:0000H         SYMBOL        _ICE_DUMMY_
  D:0090H         PUBLIC        P1
  D:00B0H         PUBLIC        P3
  D:00A8H         PUBLIC        IE
  D:00B8H         PUBLIC        IP
  B:0090H.7       PUBLIC        k1
  B:0090H.6       PUBLIC        k2
  B:0090H.5       PUBLIC        k3
  B:0090H.4       PUBLIC        k4
  B:0090H.3       PUBLIC        o1
  B:0090H.2       PUBLIC        o2
  B:0090H.1       PUBLIC        o3
  B:0090H.0       PUBLIC        o4
  C:0F53H         PUBLIC        MatrixKey
  D:0098H         PUBLIC        SCON
  D:0088H         PUBLIC        TCON
  D:00C8H         PUBLIC        T2CON
  D:00D0H         PUBLIC        PSW
  -------         PROC          MATRIXKEY
  -------         DO            
  D:0012H         SYMBOL        KeyNumber
  D:0013H         SYMBOL        i
  D:0014H         SYMBOL        j
  -------         ENDDO         
  C:0F53H         LINE#         12
  C:0F53H         LINE#         13
  C:0F53H         LINE#         14
  C:0F56H         LINE#         15
  C:0F58H         LINE#         16
  C:0F5AH         LINE#         18
  C:0F6AH         LINE#         19
BL51 BANKED LINKER/LOCATER V6.22.2.0                                                  12/26/2024  14:41:28  PAGE 9


  C:0F6CH         LINE#         20
  C:0F82H         LINE#         21
  C:0F99H         LINE#         22
  C:0FB0H         LINE#         23
  C:0FC7H         LINE#         25
  C:0FD7H         LINE#         26
  C:0FD9H         LINE#         27
  C:0FF0H         LINE#         28
  C:1007H         LINE#         29
  C:101EH         LINE#         30
  C:1035H         LINE#         32
  C:1045H         LINE#         33
  C:1047H         LINE#         34
  C:105EH         LINE#         35
  C:1075H         LINE#         36
  C:108CH         LINE#         37
  C:10A3H         LINE#         39
  C:10B3H         LINE#         40
  C:10B5H         LINE#         41
  C:10CCH         LINE#         42
  C:10E3H         LINE#         43
  C:10FAH         LINE#         44
  C:1111H         LINE#         46
  C:1113H         LINE#         47
  -------         ENDPROC       MATRIXKEY
  -------         ENDMOD        MATRIXKEY

  -------         MODULE        BUZZER
  C:0000H         SYMBOL        _ICE_DUMMY_
  D:0090H         PUBLIC        P1
  D:00A0H         PUBLIC        P2
  D:00B0H         PUBLIC        P3
  B:00A0H.5       PUBLIC        Buzzer
  D:00A8H         PUBLIC        IE
  D:00B8H         PUBLIC        IP
  D:0098H         PUBLIC        SCON
  D:0088H         PUBLIC        TCON
  C:17F2H         PUBLIC        _delay_msus
  D:00C8H         PUBLIC        T2CON
  C:1700H         PUBLIC        _Buzzer_Freq
  D:00D0H         PUBLIC        PSW
  -------         PROC          _DELAY_MSUS
  D:0006H         SYMBOL        x10us
  -------         DO            
  D:0012H         SYMBOL        i
  -------         ENDDO         
  C:17F2H         LINE#         15
  C:17F2H         LINE#         16
  C:17F2H         LINE#         17
  C:17FCH         LINE#         18
  C:17FCH         LINE#         20
  C:17FDH         LINE#         21
  C:1800H         LINE#         22
  C:1808H         LINE#         23
  C:1808H         LINE#         24
  -------         ENDPROC       _DELAY_MSUS
  -------         PROC          _BUZZER_FREQ
BL51 BANKED LINKER/LOCATER V6.22.2.0                                                  12/26/2024  14:41:28  PAGE 10


  D:0002H         SYMBOL        Key
  -------         DO            
  D:0082H         SYMBOL        i
  D:0010H         SYMBOL        N
  D:0006H         SYMBOL        DesiredTime_ms
  -------         ENDDO         
  C:1700H         LINE#         33
  C:1704H         LINE#         34
  C:1704H         LINE#         36
  C:1708H         LINE#         38
  C:171AH         LINE#         40
  C:1728H         LINE#         41
  C:1728H         LINE#         42
  C:172AH         LINE#         43
  C:1731H         LINE#         44
  C:1734H         LINE#         45
  -------         ENDPROC       _BUZZER_FREQ
  -------         ENDMOD        BUZZER

  -------         MODULE        MODE
  C:0000H         SYMBOL        _ICE_DUMMY_
  D:0090H         PUBLIC        P1
  D:00B0H         PUBLIC        P3
  D:00A8H         PUBLIC        IE
  D:00B8H         PUBLIC        IP
  C:1687H         PUBLIC        mode
  D:0098H         PUBLIC        SCON
  D:0088H         PUBLIC        TCON
  D:00C8H         PUBLIC        T2CON
  D:00D0H         PUBLIC        PSW
  B:00B0H.0       PUBLIC        key1
  B:00B0H.1       PUBLIC        key2
  -------         PROC          MODE
  -------         DO            
  D:000EH         SYMBOL        FY
  -------         ENDDO         
  C:1687H         LINE#         12
  C:1687H         LINE#         13
  C:1687H         LINE#         14
  C:168DH         LINE#         15
  C:1690H         LINE#         16
  C:16A1H         LINE#         17
  C:16A6H         LINE#         18
  C:16A8H         LINE#         19
  C:16ABH         LINE#         20
  C:16BCH         LINE#         21
  C:16C2H         LINE#         22
  C:16C2H         LINE#         23
  C:16C6H         LINE#         24
  -------         ENDPROC       MODE
  -------         ENDMOD        MODE

  -------         MODULE        TIMER0
  C:0000H         SYMBOL        _ICE_DUMMY_
  D:0090H         PUBLIC        P1
  D:00B0H         PUBLIC        P3
  B:00A8H.7       PUBLIC        EA
BL51 BANKED LINKER/LOCATER V6.22.2.0                                                  12/26/2024  14:41:28  PAGE 11


  D:00A8H         PUBLIC        IE
  D:00B8H         PUBLIC        IP
  D:0098H         PUBLIC        SCON
  D:0089H         PUBLIC        TMOD
  D:0088H         PUBLIC        TCON
  B:00A8H.1       PUBLIC        ET0
  B:0088H.5       PUBLIC        TF0
  C:1809H         PUBLIC        Timer0Init
  D:008CH         PUBLIC        TH0
  D:008AH         PUBLIC        TL0
  B:00B8H.1       PUBLIC        PT0
  B:0088H.4       PUBLIC        TR0
  D:00C8H         PUBLIC        T2CON
  D:00D0H         PUBLIC        PSW
  -------         PROC          TIMER0INIT
  C:1809H         LINE#         11
  C:1809H         LINE#         12
  C:1809H         LINE#         13
  C:180CH         LINE#         14
  C:180FH         LINE#         15
  C:1812H         LINE#         16
  C:1815H         LINE#         17
  C:1817H         LINE#         18
  C:1819H         LINE#         19
  C:181BH         LINE#         20
  C:181DH         LINE#         21
  C:181FH         LINE#         22
  -------         ENDPROC       TIMER0INIT
  -------         ENDMOD        TIMER0

  -------         MODULE        IRED
  C:0000H         SYMBOL        _ICE_DUMMY_
  D:0090H         PUBLIC        P1
  D:00A0H         PUBLIC        P2
  D:00B0H         PUBLIC        P3
  B:00A8H.7       PUBLIC        EA
  D:004AH         PUBLIC        gired_data
  D:00A8H         PUBLIC        IE
  D:00B8H         PUBLIC        IP
  B:00B0H.2       PUBLIC        IRED
  C:1114H         PUBLIC        ired
  D:0098H         PUBLIC        SCON
  D:0088H         PUBLIC        TCON
  C:1853H         PUBLIC        ired_init
  B:00A8H.0       PUBLIC        EX0
  B:0088H.0       PUBLIC        IT0
  C:176AH         PUBLIC        iredKey
  D:004EH         PUBLIC        ir_code
  D:00C8H         PUBLIC        T2CON
  D:00D0H         PUBLIC        PSW
  -------         PROC          IRED_INIT
  C:1853H         LINE#         18
  C:1853H         LINE#         19
  C:1853H         LINE#         20
  C:1855H         LINE#         21
  C:1857H         LINE#         22
  C:1859H         LINE#         23
BL51 BANKED LINKER/LOCATER V6.22.2.0                                                  12/26/2024  14:41:28  PAGE 12


  C:185BH         LINE#         24
  -------         ENDPROC       IRED_INIT
  -------         PROC          IRED
  -------         DO            
  D:0008H         SYMBOL        ired_high_time
  D:0009H         SYMBOL        time_cnt
  D:000BH         SYMBOL        i
  D:000CH         SYMBOL        j
  -------         ENDDO         
  C:1114H         LINE#         33
  C:1131H         LINE#         35
  C:1134H         LINE#         36
  C:113AH         LINE#         37
  C:1140H         LINE#         39
  C:1146H         LINE#         40
  C:1146H         LINE#         41
  C:114CH         LINE#         42
  C:1155H         LINE#         43
  C:1155H         LINE#         44
  C:115CH         LINE#         45
  C:1164H         LINE#         46
  C:116DH         LINE#         47
  C:116DH         LINE#         48
  C:1173H         LINE#         49
  C:1173H         LINE#         50
  C:1179H         LINE#         51
  C:1182H         LINE#         52
  C:1182H         LINE#         53
  C:1189H         LINE#         54
  C:1191H         LINE#         55
  C:119AH         LINE#         56
  C:119AH         LINE#         57
  C:119DH         LINE#         58
  C:119DH         LINE#         59
  C:11A0H         LINE#         60
  C:11A0H         LINE#         61
  C:11A6H         LINE#         62
  C:11AFH         LINE#         63
  C:11AFH         LINE#         64
  C:11B6H         LINE#         65
  C:11BEH         LINE#         66
  C:11C6H         LINE#         67
  C:11C6H         LINE#         68
  C:11CCH         LINE#         69
  C:11CFH         LINE#         70
  C:11CFH         LINE#         71
  C:11D6H         LINE#         72
  C:11D8H         LINE#         73
  C:11E1H         LINE#         74
  C:11E1H         LINE#         75
  C:11EEH         LINE#         76
  C:11F5H         LINE#         77
  C:11FEH         LINE#         78
  C:1201H         LINE#         79
  C:120AH         LINE#         80
  C:1213H         LINE#         81
  C:1213H         LINE#         82
BL51 BANKED LINKER/LOCATER V6.22.2.0                                                  12/26/2024  14:41:28  PAGE 13


  C:121AH         LINE#         83
  C:121AH         LINE#         84
  C:121DH         LINE#         85
  C:122BH         LINE#         87
  C:122BH         LINE#         88
  C:122BH         LINE#         89
  -------         ENDPROC       IRED
  -------         PROC          IREDKEY
  -------         DO            
  D:0007H         SYMBOL        i
  D:0006H         SYMBOL        j
  -------         ENDDO         
  C:176AH         LINE#         98
  C:176AH         LINE#         99
  C:176AH         LINE#         100
  C:176CH         LINE#         101
  C:176CH         LINE#         102
  C:176CH         LINE#         103
  C:176EH         LINE#         104
  C:176EH         LINE#         105
  C:177BH         LINE#         106
  C:177BH         LINE#         107
  C:177EH         LINE#         108
  C:1788H         LINE#         109
  C:1788H         LINE#         110
  C:178CH         LINE#         111
  C:1790H         LINE#         112
  C:1792H         LINE#         113
  -------         ENDPROC       IREDKEY
  -------         ENDMOD        IRED

  -------         MODULE        WIFI_CONTROL
  C:0000H         SYMBOL        _ICE_DUMMY_
  -------         ENDMOD        WIFI_CONTROL

  -------         MODULE        UART
  C:0000H         SYMBOL        _ICE_DUMMY_
  -------         ENDMOD        UART

  -------         MODULE        PUBLIC
  C:0000H         SYMBOL        _ICE_DUMMY_
  D:0090H         PUBLIC        P1
  D:00B0H         PUBLIC        P3
  D:00A8H         PUBLIC        IE
  D:00B8H         PUBLIC        IP
  D:0098H         PUBLIC        SCON
  D:0088H         PUBLIC        TCON
  C:1848H         PUBLIC        _delay_10us
  C:17BBH         PUBLIC        _delay_ms
  D:00C8H         PUBLIC        T2CON
  D:00D0H         PUBLIC        PSW
  -------         PROC          _DELAY_10US
  D:0006H         SYMBOL        ten_us
  C:1848H         LINE#         10
  C:1848H         LINE#         11
  C:1848H         LINE#         12
  C:1852H         LINE#         13
BL51 BANKED LINKER/LOCATER V6.22.2.0                                                  12/26/2024  14:41:28  PAGE 14


  -------         ENDPROC       _DELAY_10US
  -------         PROC          _DELAY_MS
  D:0006H         SYMBOL        ms
  -------         DO            
  D:0006H         SYMBOL        i
  D:0004H         SYMBOL        j
  -------         ENDDO         
  C:17BBH         LINE#         22
  C:17BBH         LINE#         23
  C:17BBH         LINE#         25
  C:17C4H         LINE#         26
  C:17D8H         LINE#         27
  -------         ENDPROC       _DELAY_MS
  -------         ENDMOD        PUBLIC

  -------         MODULE        MAIN
  C:0000H         SYMBOL        _ICE_DUMMY_
  C:15F9H         PUBLIC        Timer0_Routine
  D:0080H         PUBLIC        P0
  D:0090H         PUBLIC        P1
  D:00A0H         PUBLIC        P2
  D:00B0H         PUBLIC        P3
  B:00A0H.5       PUBLIC        Buzzer
  B:00A0H.1       PUBLIC        LED1
  B:00A0H.0       PUBLIC        LED2
  D:00A8H         PUBLIC        IE
  D:00B8H         PUBLIC        IP
  C:1246H         PUBLIC        main
  D:0021H         PUBLIC        Key
  C:0862H         PUBLIC        AutoFreq
  D:0023H         PUBLIC        ManFreq
  D:0098H         PUBLIC        SCON
  C:08ACH         PUBLIC        Music1
  D:0088H         PUBLIC        TCON
  C:099FH         PUBLIC        Music2
  C:0A7AH         PUBLIC        Music3
  C:07B8H         PUBLIC        ManF_Node
  D:008CH         PUBLIC        TH0
  D:008AH         PUBLIC        TL0
  C:0ABFH         PUBLIC        _Autoplay
  B:0088H.4       PUBLIC        TR0
  D:0045H         PUBLIC        KeyNum
  D:00C8H         PUBLIC        T2CON
  D:0047H         PUBLIC        SPEED
  D:0049H         PUBLIC        FreqSelect
  C:1564H         PUBLIC        _ManualPlay
  D:00D0H         PUBLIC        PSW
  -------         PROC          _MANUALPLAY
  D:000EH         SYMBOL        KeyNum
  C:1564H         LINE#         63
  C:1568H         LINE#         64
  C:1568H         LINE#         65
  C:1579H         LINE#         67
  C:157FH         LINE#         68
  C:157FH         LINE#         69
  C:15A1H         LINE#         70
  C:15B0H         LINE#         71
BL51 BANKED LINKER/LOCATER V6.22.2.0                                                  12/26/2024  14:41:28  PAGE 15


  C:15B0H         LINE#         72
  -------         ENDPROC       _MANUALPLAY
  -------         PROC          _AUTOPLAY
  D:000EH         SYMBOL        Key
  -------         DO            
  D:0010H         SYMBOL        MusicSelect
  B:0020H.0       SYMBOL        pauseFlag
  -------         DO            
  D:0011H         SYMBOL        newKey
  -------         ENDDO         
  -------         ENDDO         
  -------         DO            
  D:0010H         SYMBOL        MusicSelect
  B:0020H.0       SYMBOL        pauseFlag
  -------         DO            
  D:0011H         SYMBOL        newKey
  -------         ENDDO         
  -------         ENDDO         
  -------         DO            
  D:0010H         SYMBOL        MusicSelect
  B:0020H.0       SYMBOL        pauseFlag
  -------         DO            
  D:0011H         SYMBOL        newKey
  -------         ENDDO         
  -------         ENDDO         
  C:0ABFH         LINE#         175
  C:0AC3H         LINE#         176
  C:0AC3H         LINE#         177
  C:0ACEH         LINE#         178
  C:0ACEH         LINE#         179
  C:0AD0H         LINE#         180
  C:0AD2H         LINE#         182
  C:0AE3H         LINE#         183
  C:0AE3H         LINE#         184
  C:0AF4H         LINE#         187
  C:0AF7H         LINE#         188
  C:0AF7H         LINE#         189
  C:0B01H         LINE#         190
  C:0B01H         LINE#         191
  C:0B03H         LINE#         192
  C:0B05H         LINE#         193
  C:0B22H         LINE#         194
  C:0B24H         LINE#         197
  C:0B26H         LINE#         198
  C:0B2DH         LINE#         199
  C:0B2FH         LINE#         200
  C:0B31H         LINE#         202
  C:0B31H         LINE#         203
  C:0B33H         LINE#         204
  C:0B36H         LINE#         205
  C:0B3AH         LINE#         206
  C:0B3AH         LINE#         207
  C:0B3AH         LINE#         210
  C:0B3AH         LINE#         211
  C:0B3FH         LINE#         213
  C:0B44H         LINE#         214
  C:0B44H         LINE#         215
BL51 BANKED LINKER/LOCATER V6.22.2.0                                                  12/26/2024  14:41:28  PAGE 16


  C:0B46H         LINE#         217
  C:0B49H         LINE#         218
  C:0B49H         LINE#         219
  C:0B4BH         LINE#         220
  C:0B4DH         LINE#         222
  C:0B4DH         LINE#         223
  C:0B4FH         LINE#         224
  C:0B4FH         LINE#         225
  C:0B51H         LINE#         226
  C:0B56H         LINE#         227
  C:0B56H         LINE#         228
  C:0B58H         LINE#         229
  C:0B5BH         LINE#         230
  C:0B5FH         LINE#         233
  C:0B62H         LINE#         234
  C:0B73H         LINE#         235
  C:0B79H         LINE#         236
  C:0B7CH         LINE#         237
  C:0B81H         LINE#         238
  C:0B81H         LINE#         239
  C:0B89H         LINE#         240
  C:0B8BH         LINE#         241
  C:0B90H         LINE#         242
  C:0B90H         LINE#         243
  C:0B97H         LINE#         244
  C:0B99H         LINE#         245
  C:0B9EH         LINE#         246
  C:0B9EH         LINE#         247
  C:0BA5H         LINE#         248
  C:0BA7H         LINE#         249
  C:0BB0H         LINE#         250
  C:0BB0H         LINE#         251
  C:0BBBH         LINE#         252
  C:0BBBH         LINE#         253
  C:0BBBH         LINE#         254
  C:0BBEH         LINE#         255
  C:0BBEH         LINE#         257
  C:0BC9H         LINE#         258
  C:0BC9H         LINE#         259
  C:0BCBH         LINE#         260
  C:0BCDH         LINE#         262
  C:0BDEH         LINE#         263
  C:0BDEH         LINE#         264
  C:0BEFH         LINE#         267
  C:0BF2H         LINE#         268
  C:0BF2H         LINE#         269
  C:0BFCH         LINE#         270
  C:0BFCH         LINE#         271
  C:0BFEH         LINE#         272
  C:0C00H         LINE#         273
  C:0C1DH         LINE#         274
  C:0C1FH         LINE#         275
  C:0C21H         LINE#         276
  C:0C28H         LINE#         277
  C:0C2AH         LINE#         278
  C:0C2CH         LINE#         280
  C:0C2CH         LINE#         281
BL51 BANKED LINKER/LOCATER V6.22.2.0                                                  12/26/2024  14:41:28  PAGE 17


  C:0C2EH         LINE#         282
  C:0C31H         LINE#         283
  C:0C35H         LINE#         284
  C:0C35H         LINE#         285
  C:0C35H         LINE#         288
  C:0C35H         LINE#         289
  C:0C3AH         LINE#         291
  C:0C3FH         LINE#         292
  C:0C3FH         LINE#         293
  C:0C41H         LINE#         295
  C:0C44H         LINE#         296
  C:0C44H         LINE#         297
  C:0C46H         LINE#         298
  C:0C48H         LINE#         300
  C:0C48H         LINE#         301
  C:0C4AH         LINE#         302
  C:0C4AH         LINE#         303
  C:0C4CH         LINE#         304
  C:0C51H         LINE#         305
  C:0C51H         LINE#         306
  C:0C53H         LINE#         307
  C:0C56H         LINE#         308
  C:0C5AH         LINE#         311
  C:0C5DH         LINE#         312
  C:0C6EH         LINE#         313
  C:0C74H         LINE#         314
  C:0C77H         LINE#         315
  C:0C7CH         LINE#         316
  C:0C7CH         LINE#         317
  C:0C84H         LINE#         318
  C:0C86H         LINE#         319
  C:0C8FH         LINE#         320
  C:0C8FH         LINE#         321
  C:0C9AH         LINE#         322
  C:0C9AH         LINE#         323
  C:0C9AH         LINE#         324
  C:0C9DH         LINE#         325
  C:0C9DH         LINE#         326
  C:0CA8H         LINE#         327
  C:0CA8H         LINE#         328
  C:0CAAH         LINE#         329
  C:0CACH         LINE#         331
  C:0CBDH         LINE#         332
  C:0CBDH         LINE#         333
  C:0CCEH         LINE#         336
  C:0CD1H         LINE#         337
  C:0CD1H         LINE#         338
  C:0CDBH         LINE#         339
  C:0CDBH         LINE#         340
  C:0CDDH         LINE#         341
  C:0CDFH         LINE#         342
  C:0CFCH         LINE#         343
  C:0CFEH         LINE#         344
  C:0D00H         LINE#         345
  C:0D07H         LINE#         346
  C:0D09H         LINE#         347
  C:0D0BH         LINE#         349
BL51 BANKED LINKER/LOCATER V6.22.2.0                                                  12/26/2024  14:41:28  PAGE 18


  C:0D0BH         LINE#         350
  C:0D0DH         LINE#         351
  C:0D10H         LINE#         352
  C:0D14H         LINE#         353
  C:0D14H         LINE#         354
  C:0D14H         LINE#         357
  C:0D14H         LINE#         358
  C:0D19H         LINE#         360
  C:0D1EH         LINE#         361
  C:0D1EH         LINE#         362
  C:0D20H         LINE#         364
  C:0D23H         LINE#         365
  C:0D23H         LINE#         366
  C:0D25H         LINE#         367
  C:0D27H         LINE#         369
  C:0D27H         LINE#         370
  C:0D29H         LINE#         371
  C:0D29H         LINE#         372
  C:0D2BH         LINE#         373
  C:0D30H         LINE#         374
  C:0D30H         LINE#         375
  C:0D32H         LINE#         376
  C:0D35H         LINE#         377
  C:0D39H         LINE#         380
  C:0D3CH         LINE#         381
  C:0D4DH         LINE#         382
  C:0D53H         LINE#         383
  C:0D56H         LINE#         384
  C:0D5BH         LINE#         385
  C:0D5BH         LINE#         386
  C:0D63H         LINE#         387
  C:0D65H         LINE#         388
  C:0D6EH         LINE#         389
  C:0D6EH         LINE#         390
  C:0D79H         LINE#         391
  C:0D79H         LINE#         392
  C:0D79H         LINE#         393
  C:0D7CH         LINE#         394
  C:0D7CH         LINE#         395
  -------         ENDPROC       _AUTOPLAY
  -------         PROC          MAIN
  -------         DO            
  D:000DH         SYMBOL        mode_sel
  -------         ENDDO         
  C:1246H         LINE#         398
  C:1246H         LINE#         399
  C:1246H         LINE#         400
  C:1249H         LINE#         401
  C:124CH         LINE#         402
  C:1253H         LINE#         404
  C:1256H         LINE#         405
  C:1267H         LINE#         406
  C:1279H         LINE#         407
  C:1280H         LINE#         409
  C:1283H         LINE#         411
  C:1287H         LINE#         413
  C:128AH         LINE#         414
BL51 BANKED LINKER/LOCATER V6.22.2.0                                                  12/26/2024  14:41:28  PAGE 19


  C:129BH         LINE#         415
  C:12ADH         LINE#         416
  C:12BFH         LINE#         417
  C:12C6H         LINE#         419
  C:12C6H         LINE#         420
  C:12C6H         LINE#         421
  C:12CBH         LINE#         422
  C:12CFH         LINE#         423
  C:12CFH         LINE#         424
  C:12D1H         LINE#         425
  C:12D3H         LINE#         426
  C:12D3H         LINE#         427
  C:12D5H         LINE#         428
  C:12DAH         LINE#         429
  C:12DAH         LINE#         430
  C:12DCH         LINE#         431
  C:12DEH         LINE#         432
  C:12E1H         LINE#         433
  C:12E1H         LINE#         435
  C:12E4H         LINE#         436
  C:12E4H         LINE#         437
  C:12ECH         LINE#         438
  C:12F1H         LINE#         439
  C:12F3H         LINE#         441
  C:12F6H         LINE#         442
  C:12F6H         LINE#         443
  C:1307H         LINE#         444
  C:130FH         LINE#         446
  C:1312H         LINE#         447
  C:1319H         LINE#         448
  C:1319H         LINE#         449
  -------         ENDPROC       MAIN
  -------         PROC          TIMER0_ROUTINE
  C:15F9H         LINE#         452
  C:1606H         LINE#         454
  C:161CH         LINE#         455
  C:161CH         LINE#         456
  C:1631H         LINE#         457
  C:1634H         LINE#         458
  C:1636H         LINE#         459
  C:1636H         LINE#         460
  -------         ENDPROC       TIMER0_ROUTINE
  -------         ENDMOD        MAIN

  -------         MODULE        ?C?CLDPTR
  C:0D7DH         PUBLIC        ?C?CLDPTR
  -------         ENDMOD        ?C?CLDPTR

  -------         MODULE        ?C?CLDOPTR
  C:0D96H         PUBLIC        ?C?CLDOPTR
  -------         ENDMOD        ?C?CLDOPTR

  -------         MODULE        ?C?IMUL
  C:0DC3H         PUBLIC        ?C?IMUL
  -------         ENDMOD        ?C?IMUL

  -------         MODULE        ?C?UIDIV
BL51 BANKED LINKER/LOCATER V6.22.2.0                                                  12/26/2024  14:41:28  PAGE 20


  C:0DD5H         PUBLIC        ?C?UIDIV
  -------         ENDMOD        ?C?UIDIV

  -------         MODULE        ?C?LMUL
  C:0E2AH         PUBLIC        ?C?LMUL
  -------         ENDMOD        ?C?LMUL

  -------         MODULE        ?C?ULDIV
  C:0EB5H         PUBLIC        ?C?ULDIV
  -------         ENDMOD        ?C?ULDIV

  -------         MODULE        ?C?OFFXADD
  C:0F47H         PUBLIC        ?C?OFFXADD
  -------         ENDMOD        ?C?OFFXADD

*** WARNING L16: UNCALLED SEGMENT, IGNORED FOR OVERLAY PROCESS
    SEGMENT: ?PR?_LCD_SHOW_NUM?LCD9648

*** WARNING L16: UNCALLED SEGMENT, IGNORED FOR OVERLAY PROCESS
    SEGMENT: ?PR?_LCD_SHOW_16HZ?LCD9648

Program Size: data=103.1 xdata=0 code=6231
LINK/LOCATE RUN COMPLETE.  2 WARNING(S),  0 ERROR(S)
