C51 COMPILER V9.57.0.0   PUBLIC                                                            12/24/2024 20:33:30 PAGE 1   


C51 COMPILER V9.57.0.0, COMPILATION OF MODULE PUBLIC
OBJECT MODULE PLACED IN .\Objects\public.obj
COMPILER INVOKED BY: D:\APP\Keil\Keil51\C51\BIN\C51.EXE public.c OPTIMIZE(8,SPEED) BROWSE DEBUG OBJECTEXTEND PRINT(.\Lis
                    -tings\public.lst) TABS(2) OBJECT(.\Objects\public.obj)

line level    source

   1          #include "public.h"
   2          
   3          /*******************************************************************************
   4          * 函 数 名      : delay_10us
   5          * 函数功能       : 延时函数，单位是 10 微秒
   6          * 输    入       : 延时的 10 微秒单位数
   7          * 输    出       : 无
   8          *******************************************************************************/
   9          
  10          void delay_10us(u16 ten_us)
  11          {
  12   1        while(ten_us--);  
  13   1      }
  14          
  15          /*******************************************************************************
  16          * 函 数 名      : delay_ms
  17          * 函数功能       : 延时函数，单位是 1 毫秒
  18          * 输    入       : 延时的 1 毫秒单位数
  19          * 输    出       : 无
  20          *******************************************************************************/
  21          
  22          void delay_ms(u16 ms)
  23          {
  24   1        u16 i,j;
  25   1        for(i=ms;i>0;i--)
  26   1          for(j=110;j>0;j--);
  27   1      }


MODULE INFORMATION:   STATIC OVERLAYABLE
   CODE SIZE        =     41    ----
   CONSTANT SIZE    =   ----    ----
   XDATA SIZE       =   ----    ----
   PDATA SIZE       =   ----    ----
   DATA SIZE        =   ----    ----
   IDATA SIZE       =   ----    ----
   BIT SIZE         =   ----    ----
END OF MODULE INFORMATION.


C51 COMPILATION COMPLETE.  0 WARNING(S),  0 ERROR(S)
