C51 COMPILER V9.57.0.0   WIFI_CONTROL                                                      12/26/2024 14:41:27 PAGE 1   


C51 COMPILER V9.57.0.0, COMPILATION OF MODULE WIFI_CONTROL
OBJECT MODULE PLACED IN .\Objects\wifi_control.obj
COMPILER INVOKED BY: D:\APP\Keil\Keil51\C51\BIN\C51.EXE wifi_control.c OPTIMIZE(8,SPEED) BROWSE DEBUG OBJECTEXTEND PRINT
                    -(.\Listings\wifi_control.lst) TABS(2) OBJECT(.\Objects\wifi_control.obj)

line level    source

   1          /*
   2          #include "wifi_control.h"
   3          #include "uart.h"
   4          
   5          //定义WIFI控制命令
   6          #define LED1_ON_CMD     '1'
   7          #define LED1_OFF_CMD    '2'
   8          
   9          //ESP8266 WIFI发送AT指令
  10          //pbuf：AT指令，字符串格式，如："AT"
  11          void ESP8266_SendCmd(u8 *pbuf)
  12          {
  13            while(*pbuf!='\0') //遇到空格跳出循环 
  14            {
  15              UART_SendData(*pbuf);
  16              delay_10us(5);
  17              pbuf++; 
  18            }
  19            delay_10us(5);
  20            UART_SendData('\r');//回车
  21            delay_10us(5);
  22            UART_SendData('\n');//换行
  23            delay_ms(1000);
  24          }
  25          
  26          //ESP8266 WIFI发送数据到APP
  27          //pbuf：数据
  28          void ESP8266_SendData(u8 *pbuf)
  29          {
  30            ESP8266_SendCmd("AT+CIPSEND=0,7");
  31            while(*pbuf!='\0') //遇到空格跳出循环 
  32            {
  33              UART_SendData(*pbuf);
  34              delay_10us(5);
  35              pbuf++; 
  36            }
  37            UART_SendData('\n');//换行  
  38          //  delay_ms(10);
  39          }
  40          
  41          //ESP8266-WIFI模块工作模式初始化
  42          void ESP8266_ModeInit(void)
  43          {
  44            ESP8266_SendCmd("AT+CWMODE=1");//设置路由器模式 1 staTIon模式 2 AP点 路由器模式 3 station+AP混合模式
  45            ESP8266_SendCmd("AT+CWSAP=\"Hiram\",\"85538546\""); //设置WIFI热点名及密码
  46            
  47            ESP8266_SendCmd("AT+RST");//重新启动wifi模块
  48            delay_ms(2000);
  49            
  50            ESP8266_SendCmd("AT+CIPMUX=1"); //开启多连接模式，允许多个各客户端接入
  51            ESP8266_SendCmd("AT+CIPSERVER=1,5000"); //启动TCP/IP 端口为5000 实现基于网络控制  
  52            ESP8266_SendCmd("AT+CIPSTO=0");
  53          } 
  54          
C51 COMPILER V9.57.0.0   WIFI_CONTROL                                                      12/26/2024 14:41:27 PAGE 2   

  55          //WIFI控制初始化
  56          void wifi_control_init(void)
  57          {
  58            UART_Init();
  59            ESP8266_ModeInit();
  60            ES=1;//允许串口中断
  61          }
  62          
  63          //WIFI控制
  64          void wifi_control(void)
  65          {
  66              u8 wifi_send_buf[7];
  67          
  68              wifi_send_buf[1]=0x30;
  69              wifi_send_buf[2]=0x30;
  70              wifi_send_buf[3]=0x30;
  71              wifi_send_buf[4]='.';
  72              wifi_send_buf[5]=0x30;
  73              wifi_send_buf[6]='\0';
  74              ESP8266_SendData(wifi_send_buf);//通过串口发送温度数据到APP 
  75          }
  76          
  77          //串口中断服务函数
  78          
  79          //接收手机APP发送的信号后控制板载资源
  80          void UART_IRQn() interrupt 4
  81          {
  82            static u8 i=0;
  83          
  84            if(RI)
  85            {
  86              RI=0;
  87              UART_RX_BUF[i]=SBUF;//读取接收到的数据
  88              if(UART_RX_BUF[0]=='+')i++;
  89              else i=0;
  90              if(i==10)
  91              {
  92                i=0;
  93                //WIFI控制
  94                if(UART_RX_BUF[9]==LED1_ON_CMD)
  95                  LED7=0;
  96                else if(UART_RX_BUF[9]==LED1_OFF_CMD)
  97                  LED7=1;   
  98              }     
  99            } 
 100          }
 101          */


MODULE INFORMATION:   STATIC OVERLAYABLE
   CODE SIZE        =   ----    ----
   CONSTANT SIZE    =   ----    ----
   XDATA SIZE       =   ----    ----
   PDATA SIZE       =   ----    ----
   DATA SIZE        =   ----    ----
   IDATA SIZE       =   ----    ----
   BIT SIZE         =   ----    ----
END OF MODULE INFORMATION.


C51 COMPILATION COMPLETE.  0 WARNING(S),  0 ERROR(S)
